PING 10.0.0.14 (10.0.0.14) 56(84) bytes of data.

--- 10.0.0.14 ping statistics ---
5 packets transmitted, 0 received, 100% packet loss, time 4079ms

PING 10.0.0.14 (10.0.0.14) 56(84) bytes of data.

--- 10.0.0.14 ping statistics ---
5 packets transmitted, 0 received, 100% packet loss, time 4100ms

PING 10.0.0.14 (10.0.0.14) 56(84) bytes of data.
64 bytes from 10.0.0.14: icmp_seq=1 ttl=64 time=0.649 ms
64 bytes from 10.0.0.14: icmp_seq=2 ttl=64 time=0.072 ms

--- 10.0.0.14 ping statistics ---
2 packets transmitted, 2 received, 0% packet loss, time 1005ms
rtt min/avg/max/mdev = 0.072/0.360/0.649/0.289 ms
